// Jest Snapshot v1, https://goo.gl/fbAQLP

exports[`Display component Should render 1`] = `
<DocumentFragment>
  <div
    class="sc-bdvvtL cPDXuc"
  >
    OLLEH
  </div>
</DocumentFragment>
`;
